Assuming unrestricted shared filesystem usage.
host: mcsima
Building DAG of jobs...
Using shell: /bin/bash
Provided cores: 1 (use --cores to define parallelism)
Rules claiming more threads will be scaled down.
Job stats:
job                    count
-------------------  -------
gen_or_load_network        2
total                      2

Select jobs to execute...
Execute 1 jobs...
[Sat Jan 24 14:26:40 2026]
localrule gen_or_load_network:
    output: data/emp_0.npz
    jobid: 0
    reason: Forced execution
    wildcards: netname=emp, iteration=0
    resources: tmpdir=/var/folders/6k/kchs3t092q383l3mv6jldmkw0000gn/T
Shell command: 
        python scripts/network_generation.py \
          --netname "emp" \
          --iteration "0" \
          --out "data/emp_0.npz"
        
RuleException:
CalledProcessError in file "/Users/sima/netProject/nestZone/02_netDegeneration/Snakefile", line 24:
Command 'set -euo pipefail;  
        python scripts/network_generation.py \
          --netname "emp" \
          --iteration "0" \
          --out "data/emp_0.npz"' returned non-zero exit status 1.
[Sat Jan 24 14:26:40 2026]
Error in rule gen_or_load_network:
    message: None
    jobid: 0
    output: data/emp_0.npz
    shell:
        
        python scripts/network_generation.py \
          --netname "emp" \
          --iteration "0" \
          --out "data/emp_0.npz"
        
        (command exited with non-zero exit code)
Shutting down, this might take some time.
Exiting because a job execution failed. Look below for error messages
[Sat Jan 24 14:26:40 2026]
Error in rule gen_or_load_network:
    message: None
    jobid: 0
    output: data/emp_0.npz
    shell:
        
        python scripts/network_generation.py \
          --netname "emp" \
          --iteration "0" \
          --out "data/emp_0.npz"
        
        (command exited with non-zero exit code)
Complete log(s): /Users/sima/netProject/nestZone/02_netDegeneration/.snakemake/log/2026-01-24T142638.153631.snakemake.log
WorkflowError:
At least one job did not complete successfully.
